    A B C D E F G H I J K L M N O P Q R S T U V W X Y Z

A   A B C D E F G H I J K L M N O P Q R S T U V W X Y Z
B   Z A B C D E F G H I J K L M N O P Q R S T U V W X Y
C   Y Z A B C D E F G H I J K L M N O P Q R S T U V W X
D   X Y Z A B C D E F G H I J K L M N O P Q R S T U V W
E   W X Y Z A B C D E F G H I J K L M N O P Q R S T U V
F   V W X Y Z A B C D E F G H I J K L M N O P Q R S T U
G   U V W X Y Z A B C D E F G H I J K L M N O P Q R S T
H   T U V W X Y Z A B C D E F G H I J K L M N O P Q R S
I   S T U V W X Y Z A B C D E F G H I J K L M N O P Q R
J   R S T U V W X Y Z A B C D E F G H I J K L M N O P Q
K   Q R S T U V W X Y Z A B C D E F G H I J K L M N O P
L   P Q R S T U V W X Y Z A B C D E F G H I J K L M N O
M   O P Q R S T U V W X Y Z A B C D E F G H I J K L M N
N   N O P Q R S T U V W X Y Z A B C D E F G H I J K L M
O   M N O P Q R S T U V W X Y Z A B C D E F G H I J K L
P   L M N O P Q R S T U V W X Y Z A B C D E F G H I J K
Q   K L M N O P Q R S T U V W X Y Z A B C D E F G H I J
R   J K L M N O P Q R S T U V W X Y Z A B C D E F G H I
S   I J K L M N O P Q R S T U V W X Y Z A B C D E F G H
T   H I J K L M N O P Q R S T U V W X Y Z A B C D E F G
U   G H I J K L M N O P Q R S T U V W X Y Z A B C D E F
V   F G H I J K L M N O P Q R S T U V W X Y Z A B C D E
W   E F G H I J K L M N O P Q R S T U V W X Y Z A B C D
X   D E F G H I J K L M N O P Q R S T U V W X Y Z A B C
Y   C D E F G H I J K L M N O P Q R S T U V W X Y Z A B
Z   B C D E F G H I J K L M N O P Q R S T U V W X Y Z A