    A B C D E F G H I J K L M N O P Q R S T U V W X Y Z

0   A J R X E B K S Y G F P V I D O U M H Q W N C L T Z
1   J R X E B K S Y G F P V I D O U M H Q W N C L T Z A
2   R X E B K S Y G F P V I D O U M H Q W N C L T Z A J
3   X E B K S Y G F P V I D O U M H Q W N C L T Z A J R
4   E B K S Y G F P V I D O U M H Q W N C L T Z A J R X
5   B K S Y G F P V I D O U M H Q W N C L T Z A J R X E
6   K S Y G F P V I D O U M H Q W N C L T Z A J R X E B
7   S Y G F P V I D O U M H Q W N C L T Z A J R X E B K
8   Y G F P V I D O U M H Q W N C L T Z A J R X E B K S
9   G F P V I D O U M H Q W N C L T Z A J R X E B K S Y